// Jest Snapshot v1, https://goo.gl/fbAQLP

exports[`routes get index should contain templated text 1`] = `Object {}`;
